# Docker

https://pantsesnyi.wordpress.com/2017/06/20/docker-konteinerit/


curl -fsSL https://download.docker.com/linux/ubuntu/gpg | sudo apt-key add -

sudo add-apt-repository \
"deb [arch=amd64] https://download.docker.com/linux/ubuntu \ $(lsb_release -cs) \ stable"

sudo apt-get update

sudo apt-get -y install docker-ce

Käynnistetään Hello Wold dockerilla:

$ sudo docker run hello-world

Jos kaikki on asennettu oikein, ruudulle ilmestyy seuraavaa:

$ docker run hello-world

sudo docker run hello-world
Unable to find image 'hello-world:latest' locally
latest: Pulling from library/hello-world
ca4f61b1923c: Pull complete 
Digest: sha256:083de497cff944f969d8499ab94f07134c50bcf5e6b9559b27182d3fa80ce3f7
Status: Downloaded newer image for hello-world:latest

Hello from Docker!
This message shows that your installation appears to be working correctly.

To generate this message, Docker took the following steps:
 1. The Docker client contacted the Docker daemon.
 2. The Docker daemon pulled the "hello-world" image from the Docker Hub.
    (amd64)
 3. The Docker daemon created a new container from that image which runs the
    executable that produces the output you are currently reading.
 4. The Docker daemon streamed that output to the Docker client, which sent it
    to your terminal.

To try something more ambitious, you can run an Ubuntu container with:
 $ docker run -it ubuntu bash

Share images, automate workflows, and more with a free Docker ID:
 https://cloud.docker.com/

For more examples and ideas, visit:
 https://docs.docker.com/engine/userguide/

jaakko@jaakko-samsung:~$ 


problems in the rights: https://github.com/docker/compose/issues/1214

jaakko@jaakko-samsung:~$ docker search ubuntu
Warning: failed to get default registry endpoint from daemon (Got permission denied while trying to connect to the Docker daemon socket at unix:///var/run/docker.sock: Get http://%2Fvar%2Frun%2Fdocker.sock/v1.35/info: dial unix /var/run/docker.sock: connect: permission denied). Using system default: https://index.docker.io/v1/
Got permission denied while trying to connect to the Docker daemon socket at unix:///var/run/docker.sock: Get http://%2Fvar%2Frun%2Fdocker.sock/v1.35/images/search?limit=25&term=ubuntu: dial unix /var/run/docker.sock: connect: permission denied
jaakko@jaakko-samsung:~$ ^C
jaakko@jaakko-samsung:~$ getent group docker
docker:x:999:
jaakko@jaakko-samsung:~$ sudo usermod -a -G docker jaakko
[sudo] password for jaakko: 
jaakko@jaakko-samsung:~$ getent group docker
docker:x:999:jaakko
jaakko@jaakko-samsung:~$ 


Or you can run the following command to find out what groups you belong to
groups $USER


jaakko@jaakko-samsung:~$ groups $USER
jaakko : jaakko adm cdrom sudo dip plugdev lpadmin sambashare docker
jaakko@jaakko-samsung:~$ 


Restart needed:
https://techoverflow.net/2017/03/01/solving-docker-permission-denied-while-trying-to-connect-to-the-docker-daemon-socket/











